Analyzing syncosis...                                           

   info - 'value' is deprecated and shouldn't be used. Use component accessors like .r or .g, or toARGB32 for an explicit conversion - lib\screens\canvas_screen.dart:301:34 - deprecated_member_use
   info - Unnecessary use of multiple underscores - lib\screens\canvas_screen.dart:517:35 - unnecessary_underscores
   info - Unnecessary use of multiple underscores - lib\screens\canvas_screen.dart:1027:29 - unnecessary_underscores
   info - Unnecessary use of multiple underscores - lib\screens\canvas_screen.dart:1027:33 - unnecessary_underscores
   info - 'withOpacity' is deprecated and shouldn't be used. Use .withValues() to avoid precision loss - lib\screens\canvas_screen.dart:1038:37 - deprecated_member_use
   info - 'withOpacity' is deprecated and shouldn't be used. Use .withValues() to avoid precision loss - lib\screens\canvas_screen.dart:1091:55 - deprecated_member_use
  error - Expected to find ';' - lib\screens\canvas_screen.dart:1131:15 - expected_token
warning - Dead code - lib\screens\canvas_screen.dart:1131:16 - dead_code
  error - Expected an identifier - lib\screens\canvas_screen.dart:1131:16 - missing_identifier
  error - Unexpected text ',' - lib\screens\canvas_screen.dart:1131:16 - unexpected_token
  error - Expected to find ';' - lib\screens\canvas_screen.dart:1149:15 - expected_token
  error - Expected an identifier - lib\screens\canvas_screen.dart:1149:16 - missing_identifier
  error - Expected to find ';' - lib\screens\canvas_screen.dart:1149:16 - expected_token
  error - Unexpected text ',' - lib\screens\canvas_screen.dart:1149:16 - unexpected_token
  error - Expected an identifier - lib\screens\canvas_screen.dart:1150:13 - missing_identifier
  error - Expected to find ';' - lib\screens\canvas_screen.dart:1150:13 - expected_token
  error - Unexpected text ']' - lib\screens\canvas_screen.dart:1150:13 - unexpected_token
  error - Expected an identifier - lib\screens\canvas_screen.dart:1150:14 - missing_identifier
  error - Expected to find ';' - lib\screens\canvas_screen.dart:1150:14 - expected_token
  error - Unexpected text ',' - lib\screens\canvas_screen.dart:1150:14 - unexpected_token
  error - Expected an identifier - lib\screens\canvas_screen.dart:1151:11 - missing_identifier
  error - Expected to find ';' - lib\screens\canvas_screen.dart:1151:11 - expected_token
  error - Unexpected text ')' - lib\screens\canvas_screen.dart:1151:11 - unexpected_token
  error - Expected an identifier - lib\screens\canvas_screen.dart:1151:12 - missing_identifier
  error - Expected to find ';' - lib\screens\canvas_screen.dart:1151:12 - expected_token
  error - Unexpected text ',' - lib\screens\canvas_screen.dart:1151:12 - unexpected_token
  error - Expected an identifier - lib\screens\canvas_screen.dart:1152:9 - missing_identifier
  error - Unexpected text ')' - lib\screens\canvas_screen.dart:1152:9 - unexpected_token
   info - Unnecessary empty statement - lib\screens\canvas_screen.dart:1152:10 - empty_statements
  error - The argument type 'String?' can't be assigned to the parameter type 'String'.  - lib\screens\canvas_screen.dart:1238:27 - argument_type_not_assignable
  error - The argument type 'String?' can't be assigned to the parameter type 'String'.  - lib\screens\canvas_screen.dart:1262:25 - argument_type_not_assignable
  error - The argument type 'String?' can't be assigned to the parameter type 'String'.  - lib\screens\canvas_screen.dart:1298:31 - argument_type_not_assignable
   info - 'withOpacity' is deprecated and shouldn't be used. Use .withValues() to avoid precision loss - lib\screens\canvas_screen.dart:1322:52 - deprecated_member_use
   info - 'withOpacity' is deprecated and shouldn't be used. Use .withValues() to avoid precision loss - lib\screens\canvas_screen.dart:1326:45 - deprecated_member_use
   info - Statements in an if should be enclosed in a block - lib\screens\canvas_screen.dart:1467:9 - curly_braces_in_flow_control_structures
   info - Statements in an if should be enclosed in a block - lib\screens\canvas_screen.dart:1815:9 - curly_braces_in_flow_control_structures
   info - The import of 'dart:ui' is unnecessary because all of the used elements are also provided by the import of 'package:flutter/widgets.dart' - lib\services\websocket_service.dart:3:8 - unnecessary_import
warning - The declaration 'drawSingleFrame' isn't referenced - lib\services\widget_service.dart:188:14 - unused_element
  error - The property 'isNotEmpty' can't be unconditionally accessed because the receiver can be 'null' - lib\services\widget_service.dart:231:51 - unchecked_use_of_nullable_value
  error - Undefined name 'subfTitle' - lib\services\widget_service.dart:232:25 - undefined_identifier
warning - The value of the local variable 'src' isn't used - lib\services\widget_service.dart:256:20 - unused_local_variable
  error - The property 'width' can't be unconditionally accessed because the receiver can be 'null' - lib\services\widget_service.dart:275:36 - unchecked_use_of_nullable_value
  error - Undefined name 'dstAR' - lib\services\widget_service.dart:275:44 - undefined_identifier
  error - The property 'height' can't be unconditionally accessed because the receiver can be 'null' - lib\services\widget_service.dart:276:38 - unchecked_use_of_nullable_value
  error - Undefined name 'src' - lib\services\widget_service.dart:277:17 - undefined_identifier
  error - The property 'width' can't be unconditionally accessed because the receiver can be 'null' - lib\services\widget_service.dart:277:52 - unchecked_use_of_nullable_value
  error - The argument type 'Image?' can't be assigned to the parameter type 'Image'.  - lib\services\widget_service.dart:279:36 - argument_type_not_assignable
  error - Undefined name 'src' - lib\services\widget_service.dart:279:41 - undefined_identifier
   info - 'withOpacity' is deprecated and shouldn't be used. Use .withValues() to avoid precision loss - lib\services\widget_service.dart:304:39 - deprecated_member_use
  error - Undefined name 'textSpace' - lib\services\widget_service.dart:310:58 - undefined_identifier
  error - Expected to find ';' - lib\services\widget_service.dart:348:9 - expected_token
  error - Expected an identifier - lib\services\widget_service.dart:348:11 - missing_identifier
  error - Unexpected text 'else' - lib\services\widget_service.dart:348:11 - unexpected_token
  error - Undefined name 'tImg' - lib\services\widget_service.dart:373:27 - undefined_identifier
   info - 'withOpacity' is deprecated and shouldn't be used. Use .withValues() to avoid precision loss - lib\services\widget_service.dart:469:45 - deprecated_member_use
   info - 'withOpacity' is deprecated and shouldn't be used. Use .withValues() to avoid precision loss - lib\services\widget_service.dart:473:56 - deprecated_member_use
  error - The name 'MyApp' isn't a class - test\widget_test.dart:16:35 - creation_with_non_type

